=== RUN   TestTiming_APIKey_HitVsMiss
    api_key_timing_test.go:109: APIKey hit/miss timing comparison (N=200000 each)
    api_key_timing_test.go:110:   Hit:  mean=6414.4ns std=9278.6ns p50=4889ns p99=14808ns
    api_key_timing_test.go:111:   Miss: mean=6875.6ns std=10520.9ns p50=5239ns p99=16064ns
    api_key_timing_test.go:112:   Welch p=0  KS p=0  MWU p=0  |mean diff|=404.80ns
    api_key_timing_test.go:116: Statistically significant difference (Welch p=0, KS p=0, MWU p=0, mean-diff=404.80ns) — this is the architectural map-lookup oracle SECURITY.md accepts as TSC-2026-0004 (accepted bound: 2500ns); asserting against the bound, not against significance alone
--- PASS: TestTiming_APIKey_HitVsMiss (4.41s)
=== RUN   TestTiming_APIKey_EmptyVsPresent
    api_key_timing_test.go:185: APIKey empty-header vs invalid-key timing (N=200000 each)
    api_key_timing_test.go:186:   Empty:   mean=5949.7ns std=10393.1ns p50=4889ns p99=14178ns
    api_key_timing_test.go:187:   Present: mean=6075.7ns std=9300.3ns p50=5168ns p99=14457ns
    api_key_timing_test.go:188:   Welch p=1.592e-58  KS p=0  MWU p=0  |mean diff|=113.36ns
--- PASS: TestTiming_APIKey_EmptyVsPresent (3.85s)
=== RUN   TestTiming_BasicAuth_ValidVsInvalid
    basic_auth_timing_test.go:128: BasicAuth valid/invalid timing comparison (N=200000 each)
    basic_auth_timing_test.go:129:   Valid:   mean=5501.8ns std=9427.3ns p50=4750ns p99=14178ns
    basic_auth_timing_test.go:130:   Invalid: mean=6396.6ns std=11291.4ns p50=5238ns p99=16133ns
    basic_auth_timing_test.go:131:   Welch p=0  KS p=0  MWU p=0  |mean diff|=770.82ns
    basic_auth_timing_test.go:135: Statistically significant difference (Welch p=0, KS p=0, MWU p=0, mean-diff=770.82ns) — this is the architectural map-lookup oracle SECURITY.md accepts as TSC-2026-0001 (accepted bound: 2000ns); asserting against the bound, not against significance alone
--- PASS: TestTiming_BasicAuth_ValidVsInvalid (3.95s)
=== RUN   TestTiming_BasicAuth_UserExistsVsNotExists
    basic_auth_timing_test.go:205: BasicAuth user-exists vs not-exists timing comparison (N=200000 each)
    basic_auth_timing_test.go:206:   Exists:   mean=6420.9ns std=9440.6ns p50=5378ns p99=15576ns
    basic_auth_timing_test.go:207:   NotExist: mean=6436.5ns std=8729.1ns p50=5308ns p99=15644ns
    basic_auth_timing_test.go:208:   Welch p=1.351e-19  KS p=5.685e-54  MWU p=0.03095  |mean diff|=65.41ns
    basic_auth_timing_test.go:212: Statistically significant difference (Welch p=1.351e-19, KS p=5.685e-54, MWU p=0.03095, mean-diff=65.41ns) — this is the architectural map-lookup oracle SECURITY.md accepts as TSC-2026-0002 (accepted bound: 700ns); asserting against the bound, not against significance alone
--- PASS: TestTiming_BasicAuth_UserExistsVsNotExists (4.19s)
=== RUN   TestTiming_ErrorOracle_404vs405
    error_oracle_test.go:150: Error oracle: 404 vs 405 timing (N=150000 each)
    error_oracle_test.go:151:   404: mean=2193.5ns p50=1956ns p99=3282ns
    error_oracle_test.go:152:   405: mean=2519.5ns p50=1886ns p99=7264ns
    error_oracle_test.go:153:   Welch p=0  KS p=0  MWU p=0  |mean diff|=248.86ns
    error_oracle_test.go:157: ERROR ORACLE: 404 vs 405 timing is distinguishable — route existence leaks
    error_oracle_test.go:158:   Effect size: 248.86ns — LOW — exploitable at LAN with ~100k requests
--- PASS: TestTiming_ErrorOracle_404vs405 (2.57s)
=== RUN   TestTiming_ErrorOracle_404vs401
    error_oracle_test.go:214: Error oracle: 404 vs 401 timing (N=150000 each)
    error_oracle_test.go:215:   404: mean=2357.7ns p50=1956ns p99=6705ns
    error_oracle_test.go:216:   401: mean=3055.2ns p50=2375ns p99=9568ns
    error_oracle_test.go:217:   Welch p=0  KS p=0  MWU p=0  |mean diff|=596.91ns
    error_oracle_test.go:221: ERROR ORACLE (404 vs 401): timing distinguishable — confirms route existence when auth required
    error_oracle_test.go:222:   Effect size: 596.91ns — LOW — exploitable at LAN with ~100k requests
    error_oracle_test.go:223:   NOTE: 401 includes SHA-256 hash overhead from BasicAuth — expected difference
--- PASS: TestTiming_ErrorOracle_404vs401 (2.79s)
=== RUN   TestTiming_ErrorOracle_200vs401
    error_oracle_test.go:293: Error oracle: 200 (valid auth) vs 401 (wrong password) timing (N=150000 each)
    error_oracle_test.go:294:   200: mean=1904.9ns p50=1886ns p99=2445ns
    error_oracle_test.go:295:   401: mean=3197.7ns p50=2444ns p99=9499ns
    error_oracle_test.go:296:   Welch p=0  KS p=0  MWU p=0  |mean diff|=1156.76ns
--- PASS: TestTiming_ErrorOracle_200vs401 (2.85s)
=== RUN   TestTiming_ErrorOracle_Panic
    error_oracle_test.go:366: Panic recovery: clean path vs panic path timing (N=50000 each)
    error_oracle_test.go:367:   Clean: mean=1625.1ns p50=1467ns p99=1956ns
    error_oracle_test.go:368:   Panic: mean=2624.0ns p50=2375ns p99=3771ns
    error_oracle_test.go:369:   Welch p=0  KS p=0  MWU p=0  |mean diff|=945.67ns (0.95µs)
    error_oracle_test.go:375: Panic path distinguishable from clean path: diff=0.95µs — INFORMATIONAL
--- PASS: TestTiming_ErrorOracle_Panic (0.77s)
=== RUN   TestTiming_JWT_HS256vsRS256_PathLatency
2026/09/25 17:56:59 WARN JWTAuth: Algorithms mixes algorithm families — timing oracle (TSC-2026-0003) leaks alg path via response latency; configure one family per endpoint. algorithms="[HS256 RS256]"
2026/09/25 17:56:59 WARN JWTAuth: RequireExpiry=false — tokens without an "exp" claim are accepted. RFC 8725 §4.4 recommends RequireExpiry=true so that tokens cannot be replayed indefinitely.
    jwt_alg_confusion_timing_test.go:183: JWT HS256 vs RS256 path timing (N=200000 each)
    jwt_alg_confusion_timing_test.go:184:   HS256: mean=8192.2ns (8.2µs) std=11324.3ns p50=6565ns p99=18648ns
    jwt_alg_confusion_timing_test.go:186:   RS256: mean=34159.1ns (34.2µs) std=19152.8ns p50=32895ns p99=47213ns
    jwt_alg_confusion_timing_test.go:188:   Welch p=0  KS p=0  MWU p=0  |mean diff|=25499.34ns (25.50µs)
    jwt_alg_confusion_timing_test.go:196: HYPOTHESIS #1 CONFIRMED: JWT alg-confusion timing oracle detected.
    jwt_alg_confusion_timing_test.go:197:   HS256 path: 8.2µs mean | RS256 path: 34.2µs mean | diff: 25.5µs
    jwt_alg_confusion_timing_test.go:201:   SEVERITY: HIGH — 25µs difference is easily measurable from a network attacker
--- PASS: TestTiming_JWT_HS256vsRS256_PathLatency (10.83s)
=== RUN   TestTiming_JWT_HS256vsES256_PathLatency
2026/09/25 17:57:10 WARN JWTAuth: Algorithms mixes algorithm families — timing oracle (TSC-2026-0003) leaks alg path via response latency; configure one family per endpoint. algorithms="[HS256 ES256]"
2026/09/25 17:57:10 WARN JWTAuth: RequireExpiry=false — tokens without an "exp" claim are accepted. RFC 8725 §4.4 recommends RequireExpiry=true so that tokens cannot be replayed indefinitely.
    jwt_alg_confusion_timing_test.go:274: JWT HS256 vs ES256 path timing (N=200000 each)
    jwt_alg_confusion_timing_test.go:275:   HS256: mean=6773.2ns (6.8µs) p50=5727ns
    jwt_alg_confusion_timing_test.go:276:   ES256: mean=7048.9ns (7.0µs) p50=6076ns
    jwt_alg_confusion_timing_test.go:277:   Welch p=0  KS p=0  MWU p=0  |mean diff|=0.30µs
    jwt_alg_confusion_timing_test.go:280: JWT HS256 vs ES256 alg-path timing CONFIRMED distinguishable: diff=0.30µs
--- PASS: TestTiming_JWT_HS256vsES256_PathLatency (4.34s)
=== RUN   TestTiming_JWT_AlgNoneVsHS256
2026/09/25 17:57:14 WARN JWTAuth: RequireExpiry=false — tokens without an "exp" claim are accepted. RFC 8725 §4.4 recommends RequireExpiry=true so that tokens cannot be replayed indefinitely.
    jwt_alg_confusion_timing_test.go:348: JWT alg=none vs HS256 timing (N=200000 each)
    jwt_alg_confusion_timing_test.go:349:   none:  mean=6473.1ns p50=5657ns
    jwt_alg_confusion_timing_test.go:350:   HS256: mean=6173.5ns p50=5238ns
    jwt_alg_confusion_timing_test.go:351:   Welch p=0  KS p=0  MWU p=0  |mean diff|=344.17ns
--- PASS: TestTiming_JWT_AlgNoneVsHS256 (4.01s)
=== RUN   TestTiming_JWT_ECDSA_ZeroSig
2026/09/25 17:57:18 WARN JWTAuth: RequireExpiry=false — tokens without an "exp" claim are accepted. RFC 8725 §4.4 recommends RequireExpiry=true so that tokens cannot be replayed indefinitely.
    jwt_alg_confusion_timing_test.go:437: ECDSA zero-sig vs max-sig timing (N=100000 each)
    jwt_alg_confusion_timing_test.go:438:   Zero sig: mean=5359.3ns p50=4330ns
    jwt_alg_confusion_timing_test.go:439:   Max  sig: mean=6694.4ns p50=5657ns
    jwt_alg_confusion_timing_test.go:440:   Welch p=0  KS p=0  MWU p=0  |mean diff|=1367.71ns
--- PASS: TestTiming_JWT_ECDSA_ZeroSig (2.07s)
=== RUN   TestTiming_JWT_HMACPool_WarmVsCold
2026/09/25 17:57:20 WARN JWTAuth: RequireExpiry=false — tokens without an "exp" claim are accepted. RFC 8725 §4.4 recommends RequireExpiry=true so that tokens cannot be replayed indefinitely.
    jwt_alg_confusion_timing_test.go:499: JWT HMAC pool warm vs cold (first/last quarter, N=25000 each)
    jwt_alg_confusion_timing_test.go:500:   First 25%: mean=7489.6ns p50=7124ns
    jwt_alg_confusion_timing_test.go:501:   Last  25%: mean=9652.7ns p50=8590ns
    jwt_alg_confusion_timing_test.go:502:   Welch p=0  KS p=0  MWU p=0  |mean diff|=2050.05ns
    jwt_alg_confusion_timing_test.go:507: NOTE: HMAC pool shows temporal drift of 2050.05ns — may indicate pool eviction or CPU frequency scaling artefact
--- PASS: TestTiming_JWT_HMACPool_WarmVsCold (1.17s)
=== RUN   TestTiming_OAuth2_CacheHit_ActiveVsInactive
2026/09/25 17:57:21 WARN OAuth2Introspect: insecure plaintext endpoint accepted via AllowInsecureEndpoint — bearer tokens transmitted in clear host=127.0.0.1:36053 scheme=http
2026/09/25 17:57:21 INFO OAuth2Introspect: configured host=127.0.0.1:36053 scheme=http
2026/09/25 17:57:21 WARN OAuth2Introspect: insecure plaintext endpoint accepted via AllowInsecureEndpoint — bearer tokens transmitted in clear host=127.0.0.1:36825 scheme=http
2026/09/25 17:57:21 INFO OAuth2Introspect: configured host=127.0.0.1:36825 scheme=http
    oauth2_cache_timing_test.go:154: OAuth2 cache: active vs inactive cached token timing (N=100000 each)
    oauth2_cache_timing_test.go:155:   Active:   mean=11417.0ns std=4672.1ns p50=9988ns p99=24165ns
    oauth2_cache_timing_test.go:156:   Inactive: mean=178248.0ns std=21282.9ns p50=175513ns p99=243052ns
    oauth2_cache_timing_test.go:157:   Welch p=0  KS p=0  MWU p=0  |mean diff|=166092.55ns
    oauth2_cache_timing_test.go:164: NOTE: Cache hit timing differs between active/inactive branches: diff=166092.55ns — expected due to next.ServeHTTP vs http.Error path length difference
--- PASS: TestTiming_OAuth2_CacheHit_ActiveVsInactive (23.33s)
=== RUN   TestTiming_OAuth2_Cache_RWMutex_Contention
2026/09/25 17:57:45 WARN OAuth2Introspect: insecure plaintext endpoint accepted via AllowInsecureEndpoint — bearer tokens transmitted in clear host=127.0.0.1:36139 scheme=http
2026/09/25 17:57:45 INFO OAuth2Introspect: configured host=127.0.0.1:36139 scheme=http
    oauth2_cache_timing_test.go:219: OAuth2 cache hit (single-threaded, RLock path) (N=100000)
    oauth2_cache_timing_test.go:220:   mean=6310.8ns std=7897.4ns p50=6076ns p95=7193ns p99=13340ns
    oauth2_cache_timing_test.go:222:   Expected: ~200-800ns (RLock + map lookup + RUnlock + context setup)
--- PASS: TestTiming_OAuth2_Cache_RWMutex_Contention (1.06s)
=== RUN   TestTiming_Route_RegisteredVsUnregistered
    route_existence_timing_test.go:132: Route existence oracle: /users (registered) vs /totally-random-zzz (unregistered)
    route_existence_timing_test.go:133:   Registered:   mean=1589.9ns std=4012.6ns p50=1466ns p99=2863ns
    route_existence_timing_test.go:134:   Unregistered: mean=2647.4ns std=7359.0ns p50=1955ns p99=7613ns
    route_existence_timing_test.go:135:   Welch p=0  KS p=0  MWU p=0  |mean diff|=946.64ns
    route_existence_timing_test.go:140: ROUTE ORACLE CONFIRMED (MM-2026-0026): diff=946.64ns
    route_existence_timing_test.go:141:   SEVERITY: INFORMATIONAL — diff < 1µs, below practical LAN exploitation threshold
--- PASS: TestTiming_Route_RegisteredVsUnregistered (3.50s)
=== RUN   TestTiming_Route_AdminHiddenVsRandom
    route_existence_timing_test.go:186: Route oracle: /admin (registered+auth) vs /xyzxyz (unregistered)
    route_existence_timing_test.go:187:   Admin:  mean=1544.2ns p50=1466ns p99=1956ns
    route_existence_timing_test.go:188:   Random: mean=2623.9ns p50=1955ns p99=7753ns
    route_existence_timing_test.go:189:   Welch p=0  KS p=0  MWU p=0  |mean diff|=972.29ns
    route_existence_timing_test.go:193: ADMIN ROUTE EXISTENCE ORACLE: diff=972.29ns — admin paths are timing-discoverable
    route_existence_timing_test.go:195:   SEVERITY: INFORMATIONAL — diff < 1µs, below practical LAN exploitation threshold
--- PASS: TestTiming_Route_AdminHiddenVsRandom (3.38s)
=== RUN   TestTiming_Route_DepthCorrelation
    route_existence_timing_test.go:237: Route depth correlation (registered routes):
    route_existence_timing_test.go:239:   depth-1 (/): mean=1523.7ns p50=1466ns
    route_existence_timing_test.go:239:   depth-2 (/users): mean=1585.6ns p50=1466ns
    route_existence_timing_test.go:239:   depth-3 (/users/list): mean=1660.3ns p50=1467ns
    route_existence_timing_test.go:239:   depth-4 (/users/detail/view): mean=1652.0ns p50=1467ns
    route_existence_timing_test.go:239:   depth-5 (/users/detail/view/extended/info): mean=1670.3ns p50=1467ns
--- PASS: TestTiming_Route_DepthCorrelation (4.13s)
=== RUN   TestTiming_Route_Param_vs_Static
    route_existence_timing_test.go:289: Route: /users/list (static) vs /users/alice (param :id)
    route_existence_timing_test.go:290:   Static: mean=1579.4ns p50=1466ns
    route_existence_timing_test.go:291:   Param:  mean=1990.1ns p50=1885ns
    route_existence_timing_test.go:292:   Welch p=0  KS p=0  MWU p=0  |mean diff|=347.30ns
--- PASS: TestTiming_Route_Param_vs_Static (3.18s)
PASS
ok  	github.com/FlavioCFOliveira/MuxMaster/reports/timing-and-sidechannel-analyst/harness	86.603s
