=== RUN   TestTiming_ErrorOracleMatrix
    error_oracle_test.go:516: Error-oracle matrix (MM-2026-0046): N=100000 per arm, 15 pairs
    error_oracle_test.go:519:   arm 200: mean=1914.2ns p50=1886ns p99=5587ns
    error_oracle_test.go:519:   arm 401: mean=3130.7ns p50=2375ns p99=8521ns
    error_oracle_test.go:519:   arm 404: mean=2565.2ns p50=1955ns p99=7264ns
    error_oracle_test.go:519:   arm 405: mean=2462.0ns p50=1886ns p99=7613ns
    error_oracle_test.go:519:   arm 500: mean=2920.7ns p50=2375ns p99=7752ns
    error_oracle_test.go:519:   arm 503: mean=2525.8ns p50=1955ns p99=7263ns
    error_oracle_test.go:530:   200 vs 401: distinguishable — diff=1143.62ns (MEDIUM — exploitable at LAN with ~10k requests) Welch p=0 KS p=0 MWU p=0
    error_oracle_test.go:530:   200 vs 404: distinguishable — diff=587.50ns (LOW — exploitable at LAN with ~100k requests) Welch p=0 KS p=0 MWU p=0
    error_oracle_test.go:530:   200 vs 405: distinguishable — diff=509.54ns (LOW — exploitable at LAN with ~100k requests) Welch p=0 KS p=0 MWU p=0
    error_oracle_test.go:530:   200 vs 500: distinguishable — diff=990.91ns (LOW — exploitable at LAN with ~100k requests) Welch p=0 KS p=0 MWU p=0
    error_oracle_test.go:530:   200 vs 503: distinguishable — diff=600.30ns (LOW — exploitable at LAN with ~100k requests) Welch p=0 KS p=0 MWU p=0
    error_oracle_test.go:530:   401 vs 404: distinguishable — diff=556.12ns (LOW — exploitable at LAN with ~100k requests) Welch p=0 KS p=0 MWU p=0
    error_oracle_test.go:530:   401 vs 405: distinguishable — diff=634.08ns (LOW — exploitable at LAN with ~100k requests) Welch p=0 KS p=0 MWU p=0
    error_oracle_test.go:530:   401 vs 500: distinguishable — diff=152.71ns (INFORMATIONAL — below practical LAN exploitation threshold) Welch p=8.842e-154 KS p=0 MWU p=0
    error_oracle_test.go:530:   401 vs 503: distinguishable — diff=543.32ns (LOW — exploitable at LAN with ~100k requests) Welch p=0 KS p=0 MWU p=0
    error_oracle_test.go:530:   404 vs 405: distinguishable — diff=77.96ns (INFORMATIONAL — below practical LAN exploitation threshold) Welch p=6.704e-45 KS p=0 MWU p=0
    error_oracle_test.go:530:   404 vs 500: distinguishable — diff=403.41ns (LOW — exploitable at LAN with ~100k requests) Welch p=0 KS p=0 MWU p=0
    error_oracle_test.go:533:   404 vs 503: NOT distinguishable at p<0.01
    error_oracle_test.go:530:   405 vs 500: distinguishable — diff=481.37ns (LOW — exploitable at LAN with ~100k requests) Welch p=0 KS p=0 MWU p=0
    error_oracle_test.go:530:   405 vs 503: distinguishable — diff=90.76ns (INFORMATIONAL — below practical LAN exploitation threshold) Welch p=9.145e-60 KS p=0 MWU p=0
    error_oracle_test.go:530:   500 vs 503: distinguishable — diff=390.61ns (LOW — exploitable at LAN with ~100k requests) Welch p=0 KS p=0 MWU p=0
    error_oracle_test.go:537: Worst-case Welch p-value across all 15 pairs: 0
    error_oracle_test.go:538: Verdict: MM-2026-0046 accepted class — differential error responses are intentional HTTP semantics (see SECURITY.md "Error Oracle"); this matrix documents current magnitudes, it does not gate the build on any pair's significance.
--- PASS: TestTiming_ErrorOracleMatrix (6.18s)
PASS
ok  	github.com/FlavioCFOliveira/MuxMaster/reports/timing-and-sidechannel-analyst/harness	6.489s
